// Jest Snapshot v1, https://goo.gl/fbAQLP

exports[`Testing snapshot for Ripe's page destination action: all fields 1`] = `
Object {
  "anonymousId": "Gm^2vj@raF9m",
  "context": Object {
    "groupId": "Gm^2vj@raF9m",
    "page": Object {
      "path": "Gm^2vj@raF9m",
      "referrer": "Gm^2vj@raF9m",
      "search": "Gm^2vj@raF9m",
      "title": "Gm^2vj@raF9m",
      "url": "http://fujav.cx/ef",
    },
  },
  "messageId": "eb294288-a6c9-4251-bb5d-7641d5a3942c",
  "name": "Gm^2vj@raF9m",
  "properties": Object {
    "testType": "Gm^2vj@raF9m",
  },
  "timestamp": "2021-02-01T00:00:00.000Z",
  "userId": "Gm^2vj@raF9m",
}
`;

exports[`Testing snapshot for Ripe's page destination action: required fields 1`] = `
Object {
  "context": Object {
    "page": Object {},
  },
  "messageId": "59c73602-1049-4d47-ae52-390e357c4671",
  "timestamp": "2023-01-12T12:09:02.663Z",
}
`;
