// Jest Snapshot v1, https://goo.gl/fbAQLP

exports[`Testing snapshot for Ripe's identify destination action: all fields 1`] = `
Object {
  "anonymousId": "ojywl7GMKZU*opR%8",
  "context": Object {
    "groupId": "ojywl7GMKZU*opR%8",
  },
  "messageId": "f3c7d73c-dc4a-49a2-911b-610d99268ac6",
  "timestamp": "2021-02-01T00:00:00.000Z",
  "traits": Object {
    "testType": "ojywl7GMKZU*opR%8",
  },
  "userId": "ojywl7GMKZU*opR%8",
}
`;

exports[`Testing snapshot for Ripe's identify destination action: required fields 1`] = `
Object {
  "context": Object {},
  "messageId": "27bce530-b6de-4428-9d88-c3a47c0bb4de",
  "timestamp": "2023-01-12T12:10:42.475Z",
}
`;
